src/components/adeptPowers/dialogs/adeptPowerFormDialog.tsx
src/components/adeptPowers/form/adeptPowerFormFields.tsx
src/components/attributes/attributesSection.tsx
src/components/availablity/availabilityFieldGroup.tsx
src/components/character/biologySection.tsx
src/components/character/characterErrorRoute.tsx
src/components/character/characterRosterList.tsx
src/components/character/gearPage/cyberwareSectionContent.tsx
src/components/character/gearPage/gearViewItem.tsx
src/components/character/gearPage/gearViewSection.tsx
src/components/character/gearPage/genericSectionContent.tsx
src/components/character/gearPage/licensesSectionContent.tsx
src/components/character/gearPage/weaponsSectionContent.tsx
src/components/character/importConflictDialog.tsx
src/components/character/nav/navMenuDrawer.tsx
src/components/character/profileEditDialog.tsx
src/components/character/profileSection.tsx
src/components/character/quickPanel/quickAccessPanel.tsx
src/components/character/quickPanel/quickDamageSection.tsx
src/components/character/quickPanel/quickEdgeSection.tsx
src/components/character/spells/spellCastDialog.tsx
src/components/character/spells/spellCastSection.tsx
src/components/character/spells/spellViewerListItem.tsx
src/components/character/spells/spellsViewerSection.tsx
src/components/characterBuilder/characterBuilder.tsx
src/components/characterBuilder/sections/attributes/attributeRow.tsx
src/components/characterBuilder/sections/attributes/attributesList.tsx
src/components/characterBuilder/sections/attributes/attributesSection.tsx
src/components/characterBuilder/sections/biology/biologyAttributes.tsx
src/components/characterBuilder/sections/biology/biologySection.tsx
src/components/characterBuilder/sections/builderSection.tsx
src/components/characterBuilder/sections/contacts/contactsBuilderSection.tsx
src/components/characterBuilder/sections/gear/cyberware/cyberwareList.tsx
src/components/characterBuilder/sections/gear/cyberware/cyberwareListItem.tsx
src/components/characterBuilder/sections/gear/cyberware/cyberwarePanel.tsx
src/components/characterBuilder/sections/gear/devices/devicesList.tsx
src/components/characterBuilder/sections/gear/devices/dialogs/deviceFormDialog.tsx
src/components/characterBuilder/sections/gear/devices/dialogs/programFormDialog.tsx
src/components/characterBuilder/sections/gear/devices/forms/deviceFormFields.tsx
src/components/characterBuilder/sections/gear/devices/forms/programFormFields.tsx
src/components/characterBuilder/sections/gear/gearSection.tsx
src/components/characterBuilder/sections/gear/generic/gearItemsList.tsx
src/components/characterBuilder/sections/gear/licenses/dialogs/licenseFormDialog.tsx
src/components/characterBuilder/sections/gear/licenses/dialogs/sinFormDialog.tsx
src/components/characterBuilder/sections/gear/licenses/licensesList.tsx
src/components/characterBuilder/sections/gear/licenses/sinsAndLicensesSection.tsx
src/components/characterBuilder/sections/gear/licenses/sinsList.tsx
src/components/characterBuilder/sections/gear/lifestyle/lifestylePanel.tsx
src/components/characterBuilder/sections/gear/startingNuyenSection.tsx
src/components/characterBuilder/sections/gear/vehicles/vehiclesPanel.tsx
src/components/characterBuilder/sections/gear/weapons/weaponsList.tsx
src/components/characterBuilder/sections/qualities/qualitiesList.tsx
src/components/characterBuilder/sections/qualities/qualitiesListItem.tsx
src/components/characterBuilder/sections/qualities/qualitiesSection.tsx
src/components/characterBuilder/sections/resources/adept/adeptPowerListItem.tsx
src/components/characterBuilder/sections/resources/adept/adeptPowersList.tsx
src/components/characterBuilder/sections/resources/adept/adeptPowersListItem.tsx
src/components/characterBuilder/sections/resources/magician/spellListItem.tsx
src/components/characterBuilder/sections/resources/magician/spellsList.tsx
src/components/characterBuilder/sections/resources/magician/traditionCard.tsx
src/components/characterBuilder/sections/resources/magician/traditionFormDialog.tsx
src/components/characterBuilder/sections/resources/technomancer/complexForms/complexFormDialog.tsx
src/components/characterBuilder/sections/resources/technomancer/complexForms/complexFormsList.tsx
src/components/characterBuilder/sections/resources/technomancer/complexForms/complexFormsListItem.tsx
src/components/characterBuilder/sections/resources/technomancer/sprites/spriteDialog.tsx
src/components/characterBuilder/sections/resources/technomancer/sprites/spritesList.tsx
src/components/characterBuilder/sections/resources/technomancer/sprites/spritesListItem.tsx
src/components/characterBuilder/sections/skills/activeSkills/activeSkillGroupsListItem.tsx
src/components/characterBuilder/sections/skills/activeSkills/activeSkillsList.tsx
src/components/characterBuilder/sections/skills/activeSkills/activeSkillsListItem.tsx
src/components/characterBuilder/sections/skills/activeSkills/dialogs/activeSkillDialog.tsx
src/components/characterBuilder/sections/skills/activeSkills/dialogs/activeSkillGroupDialog.tsx
src/components/characterBuilder/sections/skills/knowledgeSkills/dialogs/knowledgeSkillDialog.tsx
src/components/characterBuilder/sections/skills/knowledgeSkills/forms/languageSkillFormFields.tsx
src/components/characterBuilder/sections/skills/knowledgeSkills/knowledgeSkillsList.tsx
src/components/characterBuilder/sections/skills/knowledgeSkills/knowledgeSkillsListItem.tsx
src/components/characterBuilder/sections/skills/knowledgeSkills/languageSkillsListItem.tsx
src/components/characterBuilder/sections/summary/bpSummaryFooter.tsx
src/components/contacts/contactsList.tsx
src/components/contacts/contactsListItem.tsx
src/components/contacts/form/contactFormDialog.tsx
src/components/contacts/form/contactFormFields.tsx
src/components/damage/damageTrack.tsx
src/components/dice/diceResult.tsx
src/components/dicePool/diceGroupDisplay.tsx
src/components/finances/credsticks/credstickCard.tsx
src/components/finances/credsticks/credstickDialog.tsx
src/components/finances/credsticks/credstickSection.tsx
src/components/finances/loans/loanCard.tsx
src/components/finances/loans/loanDialog.tsx
src/components/finances/loans/loansSection.tsx
src/components/finances/nuyen/nuyenSection.tsx
src/components/gameEffects/gameEffectRow.tsx
src/components/gameEffects/gameEffectsFieldGroup.tsx
src/components/gear/cyberware/dialogs/implantFormDialog.tsx
src/components/gear/cyberware/forms/implantFormFields.tsx
src/components/gear/dialogs/gearItemFormDialog.tsx
src/components/gear/forms/gearItemFormFields.tsx
src/components/gear/gearItemCard.tsx
src/components/gear/weapons/dialogs/weaponFormDialog.tsx
src/components/gear/weapons/forms/firearmFormFields.tsx
src/components/gear/weapons/forms/weaponDamageFormFields.tsx
src/components/gear/weapons/forms/weaponFormFields.tsx
src/components/gear/weapons/forms/weaponSkillFormFields.tsx
src/components/initiative/initiativePassTracker.tsx
src/components/initiative/initiativeScoreDisplay.tsx
src/components/licenses/dialogs/licenseFormDialog.tsx
src/components/licenses/dialogs/sinFormDialog.tsx
src/components/licenses/licenseCard.tsx
src/components/licenses/sinCard.tsx
src/components/qualities/dialogs/qualityFormDialog.tsx
src/components/qualities/form/qualityFormFields.tsx
src/components/qualities/qualitiesViewerSection.tsx
src/components/skills/activeSkills/activeSkillsList.tsx
src/components/skills/skillListItem.tsx
src/components/sources/sourceFieldGroup.tsx
src/components/spells/dialogs/spellFormDialog.tsx
src/components/spells/form/spellFormFields.tsx
src/components/ui/counter/counter.tsx
src/components/vehicles/dialogs/vehicleFormDialog.tsx
src/components/vehicles/forms/vehicleFormFields.tsx
src/components/vehicles/vehiclesList.tsx
src/components/weapons/equippedWeaponCard.tsx
src/components/weapons/equippedWeaponsSection.tsx
src/components/weapons/weaponAttackDialog.tsx
src/routes/$characterId/about.tsx
src/routes/$characterId/defense.tsx
src/routes/$characterId/finances.tsx
src/routes/$characterId/licenses.tsx
src/routes/$characterId/notes.tsx
src/routes/$characterId/spells.tsx
src/routes/__root.tsx
src/routes/index.tsx
src/routes/test/theme/typography.tsx
src/theme.ts
